[hms.rguktsklm.ac.in/home.html]
[backblue.gif]
[fade.gif]
[index.html]
[hms.rguktsklm.ac.in/imgs/logo.png]
[hms.rguktsklm.ac.in/css/style.css]
[hms.rguktsklm.ac.in/css/mobile.css]
[hms.rguktsklm.ac.in/css/fontawesome-all.css]
[hms.rguktsklm.ac.in/imgs/bars2.png]
[use.fontawesome.com/releases/v5.8.2/css/all.css]
[hms.rguktsklm.ac.in/notices2679.html]
[hms.rguktsklm.ac.in/about.html]
[hms.rguktsklm.ac.in/forgot.html]
[hms.rguktsklm.ac.in/imgs/developer.jpg]
[hms.rguktsklm.ac.in/imgs/dir.png]
[hms.rguktsklm.ac.in/imgs/aosklm.png]
[hms.rguktsklm.ac.in/js/main.js]
[hms.rguktsklm.ac.in/js/jquery-3.3.1.min.js]
[hms.rguktsklm.ac.in/home.html]
[hms.rguktsklm.ac.in/fonts/titles.ttf]
[hms.rguktsklm.ac.in/fonts/heads.ttf]
[img6.wsimg.com/wrhs/362d20193a8fed115f99b16a157b7fc4/tccl.min.js]
[hms.rguktsklm.ac.in/fonts/italic.ttf]
[hms.rguktsklm.ac.in/fonts/modaldesign.ttf]
[hms.rguktsklm.ac.in/fonts/modal.ttf]
[hms.rguktsklm.ac.in/imgs/kc-reddy.jpg]
[hms.rguktsklm.ac.in/imgs/bg.jpg]
[hms.rguktsklm.ac.in/imgs/nav.jpg]
[hms.rguktsklm.ac.in/css/style.css]
[hms.rguktsklm.ac.in/services/fonts/royal.ttf]
[hms.rguktsklm.ac.in/css/mobile.css]
[hms.rguktsklm.ac.in/css/fontawesome-all.css]
[use.fontawesome.com/releases/v5.8.2/css/all.css]
[hms.rguktsklm.ac.in/messagec3c9.html]
[hms.rguktsklm.ac.in/message8803.html]
[hms.rguktsklm.ac.in/messaged708.html]
[hms.rguktsklm.ac.in/notices2679.html]
[hms.rguktsklm.ac.in/services/imgs/profiles/62261efcea2560.07113954.tpist photo.jpg]
[hms.rguktsklm.ac.in/services/imgs/profiles/62c949069709c1.08560391.dileep__.jpg]
[hms.rguktsklm.ac.in/services/imgs/profiles/thumbCopy.png]
[hms.rguktsklm.ac.in/services/imgs/profiles/62e4c21b05db34.84148236.20220511_063207.jpg]
[hms.rguktsklm.ac.in/about.html]
[hms.rguktsklm.ac.in/forgot.html]
[hms.rguktsklm.ac.in/messagec3c9.html]
[hms.rguktsklm.ac.in/message8803.html]
[hms.rguktsklm.ac.in/services/files/notices/1_61cff65d2b2289.19608318.happy-new-year-2022.jpg]
[hms.rguktsklm.ac.in/messaged708.html]
[hms.rguktsklm.ac.in/url.html]
[hms.rguktsklm.ac.in/fonts/texts.html]
[hms.rguktsklm.ac.in/fonts/fa-brands-400.html]
[hms.rguktsklm.ac.in/fonts/fa-brands-400d41d.html]
[hms.rguktsklm.ac.in/fonts/fa-brands-401.html]
[hms.rguktsklm.ac.in/fonts/fa-brands-402.html]
[hms.rguktsklm.ac.in/fonts/fa-brands-403.html]
[hms.rguktsklm.ac.in/fonts/fa-brands-404.html]
[hms.rguktsklm.ac.in/fonts/fa-regular-400.html]
[hms.rguktsklm.ac.in/fonts/fa-regular-400d41d.html]
[hms.rguktsklm.ac.in/fonts/fa-regular-401.html]
[hms.rguktsklm.ac.in/fonts/fa-regular-402.html]
[hms.rguktsklm.ac.in/fonts/fa-regular-403.html]
[hms.rguktsklm.ac.in/fonts/fa-regular-404.html]
[hms.rguktsklm.ac.in/fonts/fa-solid-900.html]
[hms.rguktsklm.ac.in/fonts/fa-solid-900d41d.html]
[hms.rguktsklm.ac.in/fonts/fa-solid-901.html]
[hms.rguktsklm.ac.in/fonts/fa-solid-902.html]
[hms.rguktsklm.ac.in/fonts/fa-solid-903.html]
[hms.rguktsklm.ac.in/fonts/fa-solid-904.html]
